Skipping image OS validation for alexgshaw/fix-git:20251031: docker inspect returned 1
Parser warnings: - Extra text detected before JSON object
- Extra text detected after JSON object
Trajectory dumped to trials/fix-git__bFgqhmw/agent/trajectory.json
Parser warnings: - Extra text detected before JSON object
- Extra text detected after JSON object
Trajectory dumped to trials/fix-git__bFgqhmw/agent/trajectory.json
Parser warnings: - Extra text detected before JSON object
- Extra text detected after JSON object
Trajectory dumped to trials/fix-git__bFgqhmw/agent/trajectory.json
Parser warnings: - Extra text detected before JSON object
- Extra text detected after JSON object
- Command 1 should end with newline when followed by another command. Otherwise the two commands will be concatenated together on the same line.
Trajectory dumped to trials/fix-git__bFgqhmw/agent/trajectory.json
Parser warnings: - Extra text detected before JSON object
- Extra text detected after JSON object
Trajectory dumped to trials/fix-git__bFgqhmw/agent/trajectory.json
Parser warnings: - Extra text detected before JSON object
- Extra text detected after JSON object
Trajectory dumped to trials/fix-git__bFgqhmw/agent/trajectory.json
Parser warnings: - Extra text detected before JSON object
- Extra text detected after JSON object
Trajectory dumped to trials/fix-git__bFgqhmw/agent/trajectory.json
Parser warnings: - Extra text detected before JSON object
- Extra text detected after JSON object
Trajectory dumped to trials/fix-git__bFgqhmw/agent/trajectory.json
Parser warnings: - Extra text detected before JSON object
- Extra text detected after JSON object
Trajectory dumped to trials/fix-git__bFgqhmw/agent/trajectory.json
Trajectory dumped to trials/fix-git__bFgqhmw/agent/trajectory.json
